################################################################################
#                                                                              #
#      IAR Universal Linker V4.61T/W32                                         #
#                                                                              #
#           Link time     =  29/Aug/2011  13:26:03                             #
#           Target CPU    =  x51                                               #
#           List file     =  "C:\Documents and Settings\superusuario\Escritori #
#                            o\Dangerous tests\CC1110\ide\srfccxx10_cc1110\iar #
#                            \Temp\smpl_link.map"                              #
#           Output file 1 =  "C:\Documents and Settings\superusuario\Escritori #
#                            o\Dangerous tests\CC1110\ide\srfccxx10_cc1110\iar #
#                            \smpl_link.hex"                                   #
#                            Format: intel-extended                            #
#           Output file 2 =  "C:\Documents and Settings\superusuario\Escritori #
#                            o\Dangerous tests\CC1110\ide\srfccxx10_cc1110\iar #
#                            \smpl_link.d51"                                   #
#                            Format: debug                                     #
#                            UBROF version 10.0.3                              #
#                            Using library modules for C-SPY (-rt)             #
#           Command line  =  -D_NR_OF_BANKS=0 -D_CODEBANK_END=0                #
#                            -D_CODEBANK_START=0                               #
#                            "-IC:\Archivos de programa\IAR Systems\Embedded W #
#                            orkbench 5.4 Evaluation\8051\CONFIG\"             #
#                            "C:\Documents and Settings\superusuario\Escritori #
#                            o\Dangerous tests\CC1110\ide\srfccxx10_cc1110\iar #
#                            \temp\smpl_link\bsp.r51"                          #
#                            "C:\Documents and Settings\superusuario\Escritori #
#                            o\Dangerous tests\CC1110\ide\srfccxx10_cc1110\iar #
#                            \temp\smpl_link\bsp_extended.r51"                 #
#                            "C:\Documents and Settings\superusuario\Escritori #
#                            o\Dangerous tests\CC1110\ide\srfccxx10_cc1110\iar #
#                            \temp\smpl_link\mrfi.r51"                         #
#                            "C:\Documents and Settings\superusuario\Escritori #
#                            o\Dangerous tests\CC1110\ide\srfccxx10_cc1110\iar #
#                            \temp\smpl_link\nwk.r51"                          #
#                            "C:\Documents and Settings\superusuario\Escritori #
#                            o\Dangerous tests\CC1110\ide\srfccxx10_cc1110\iar #
#                            \temp\smpl_link\nwk_QMgmt.r51"                    #
#                            "C:\Documents and Settings\superusuario\Escritori #
#                            o\Dangerous tests\CC1110\ide\srfccxx10_cc1110\iar #
#                            \temp\smpl_link\nwk_api.r51"                      #
#                            "C:\Documents and Settings\superusuario\Escritori #
#                            o\Dangerous tests\CC1110\ide\srfccxx10_cc1110\iar #
#                            \temp\smpl_link\nwk_frame.r51"                    #
#                            "C:\Documents and Settings\superusuario\Escritori #
#                            o\Dangerous tests\CC1110\ide\srfccxx10_cc1110\iar #
#                            \temp\smpl_link\nwk_freq.r51"                     #
#                            "C:\Documents and Settings\superusuario\Escritori #
#                            o\Dangerous tests\CC1110\ide\srfccxx10_cc1110\iar #
#                            \temp\smpl_link\nwk_globals.r51"                  #
#                            "C:\Documents and Settings\superusuario\Escritori #
#                            o\Dangerous tests\CC1110\ide\srfccxx10_cc1110\iar #
#                            \temp\smpl_link\nwk_ioctl.r51"                    #
#                            "C:\Documents and Settings\superusuario\Escritori #
#                            o\Dangerous tests\CC1110\ide\srfccxx10_cc1110\iar #
#                            \temp\smpl_link\nwk_join.r51"                     #
#                            "C:\Documents and Settings\superusuario\Escritori #
#                            o\Dangerous tests\CC1110\ide\srfccxx10_cc1110\iar #
#                            \temp\smpl_link\nwk_link.r51"                     #
#                            "C:\Documents and Settings\superusuario\Escritori #
#                            o\Dangerous tests\CC1110\ide\srfccxx10_cc1110\iar #
#                            \temp\smpl_link\nwk_mgmt.r51"                     #
#                            "C:\Documents and Settings\superusuario\Escritori #
#                            o\Dangerous tests\CC1110\ide\srfccxx10_cc1110\iar #
#                            \temp\smpl_link\nwk_ping.r51"                     #
#                            "C:\Documents and Settings\superusuario\Escritori #
#                            o\Dangerous tests\CC1110\ide\srfccxx10_cc1110\iar #
#                            \temp\smpl_link\nwk_security.r51"                 #
#                            "C:\Documents and Settings\superusuario\Escritori #
#                            o\Dangerous tests\CC1110\ide\srfccxx10_cc1110\iar #
#                            \temp\smpl_link\smpl_link.r51"                    #
#                            "C:\Documents and Settings\superusuario\Escritori #
#                            o\Dangerous tests\CC1110\ide\srfccxx10_cc1110\iar #
#                            \temp\smpl_link\uart.r51"                         #
#                            "C:\Documents and Settings\superusuario\Escritori #
#                            o\Dangerous tests\CC1110\ide\srfccxx10_cc1110\iar #
#                            \temp\smpl_link\uart_intfc.r51"                   #
#                            -o                                                #
#                            "C:\Documents and Settings\superusuario\Escritori #
#                            o\Dangerous tests\CC1110\ide\srfccxx10_cc1110\iar #
#                            \smpl_link.d51"                                   #
#                            -l                                                #
#                            "C:\Documents and Settings\superusuario\Escritori #
#                            o\Dangerous tests\CC1110\ide\srfccxx10_cc1110\iar #
#                            \Temp\smpl_link.map"                              #
#                            -xmsn                                             #
#                            "-IC:\Documents and Settings\superusuario\Escrito #
#                            rio\Dangerous tests\CC1110\ide\srfccxx10_cc1110\i #
#                            ar\..\..\..\tools\cc1110\"                        #
#                            -f lnk51ew_cc1110.xcl (-D_IDATA0_START=0x00       #
#                            -D_IDATA0_END=0xFF -D_PDATA0_START=0xF000         #
#                            -D_PDATA0_END=0xF0FF -D_IXDATA0_START=0x00F000    #
#                            -D_IXDATA0_END=0x00FDA1                           #
#                            -D_XDATA0_START=0x00F000 -D_XDATA0_END=0x00FDA1   #
#                            -D_CODE0_START=0x000000 -D_CODE0_END=0x007FFF     #
#                            -D?REGISTER_BANK=0x0 -D_REGISTER_BANK_START=0x0   #
#                            -D?PBANK_NUMBER=0xF0 -D_BREG_START=0x00           #
#                            -D?VB=0x20 -D?ESP=0x9B -Z(BIT)BREG=_BREG_START    #
#                            -Z(BIT)BIT_N=0-7F                                 #
#                            -Z(DATA)REGISTERS+8=_REGISTER_BANK_START          #
#                            -Z(DATA)BDATA_Z,BDATA_N,BDATA_I=20-2F             #
#                            -Z(DATA)VREG+_NR_OF_VIRTUAL_REGISTERS=08-7F       #
#                            -Z(DATA)PSP,XSP=08-7F -Z(DATA)DOVERLAY=08-7F      #
#                            -Z(DATA)DATA_I,DATA_Z,DATA_N=08-7F                #
#                            -U(IDATA)0-7F=(DATA)0-7F                          #
#                            -Z(IDATA)IDATA_I,IDATA_Z,IDATA_N=08-_IDATA0_END   #
#                            -Z(IDATA)ISTACK+_IDATA_STACK_SIZE#08-_IDATA0_END  #
#                            -Z(IDATA)IOVERLAY=08-FF -Z(CODE)INTVEC=0          #
#                            -Z(CODE)CSTART=_CODE0_START-_CODE0_END            #
#                            -Z(CODE)BIT_ID,BDATA_ID,DATA_ID,IDATA_ID,IXDATA_I #
#                            D,PDATA_ID,XDATA_ID=_CODE0_START-_CODE0_END       #
#                            -Z(CODE)RCODE,DIFUNCT,CODE_C,CODE_N,NEAR_CODE=_CO #
#                            DE0_START-_CODE0_END                              #
#                            -Z(CODE)CHECKSUM#_CODE0_END                       #
#                            -Z(XDATA)EXT_STACK+_EXTENDED_STACK_SIZE=_EXTENDED #
#                            _STACK_START                                      #
#                            -Z(XDATA)PSTACK+_PDATA_STACK_SIZE=_PDATA0_START-_ #
#                            PDATA0_END                                        #
#                            -Z(XDATA)XSTACK+_XDATA_STACK_SIZE=_XDATA0_START-_ #
#                            XDATA0_END                                        #
#                            -Z(XDATA)PDATA_Z,PDATA_I=_PDATA0_START-_PDATA0_EN #
#                            D                                                 #
#                            -P(XDATA)PDATA_N=_PDATA0_START-_PDATA0_END        #
#                            -Z(XDATA)IXDATA_Z,IXDATA_I=_IXDATA0_START-_IXDATA #
#                            0_END                                             #
#                            -P(XDATA)IXDATA_N=_IXDATA0_START-_IXDATA0_END     #
#                            -Z(XDATA)XDATA_Z,XDATA_I=_XDATA0_START-_XDATA0_EN #
#                            D                                                 #
#                            -P(XDATA)XDATA_N=_XDATA0_START-_XDATA0_END        #
#                            -Z(XDATA)XDATA_HEAP+_XDATA_HEAP_SIZE=_XDATA0_STAR #
#                            T-_XDATA0_END                                     #
#                            -Z(CONST)XDATA_ROM_C=_XDATA0_START-_XDATA0_END    #
#                            -cx51 -Z(XDATA)XDATA_SCRATCH=0xFDA2-0xFEFF)       #
#                            -D_NR_OF_VIRTUAL_REGISTERS=8 -D?PBANK=0xA0        #
#                            -e_medium_write=_formatted_write                  #
#                            -e_medium_read=_formatted_read -rt                #
#                            "-Ointel-extended=C:\Documents and Settings\super #
#                            usuario\Escritorio\Dangerous tests\CC1110\ide\srf #
#                            ccxx10_cc1110\iar\smpl_link.hex"                  #
#                            -s __program_start                                #
#                            "C:\Archivos de programa\IAR Systems\Embedded Wor #
#                            kbench 5.4 Evaluation\8051\LIB\CLIB\cl-pli-nlxd-1 #
#                            e16x01.r51"                                       #
#                            -D_IDATA_STACK_SIZE=0x40                          #
#                            -D_EXTENDED_STACK_START=0x00                      #
#                            -D_EXTENDED_STACK_SIZE=0x00                       #
#                            -D_PDATA_STACK_SIZE=0x80                          #
#                            -D_XDATA_STACK_SIZE=0x100                         #
#                            -D_XDATA_HEAP_SIZE=0xFF -D_FAR_HEAP_SIZE=0xFFF    #
#                            -D_HUGE_HEAP_SIZE=0xFFF                           #
#                            -D_FAR22_HEAP_SIZE=0xFFF                          #
#                                                                              #
#                           Copyright (C) 1987-2010 IAR Systems AB.            #
################################################################################





                ****************************************
                *                                      *
                *           CROSS REFERENCE            *
                *                                      *
                ****************************************

       Program entry at : CODE      000000D3  Relocatable, from module : CSTARTUP




                ****************************************
                *                                      *
                *            RUNTIME MODEL             *
                *                                      *
                ****************************************

  __calling_convention     = xdata_reentrant
  __code_model             = near
  __core                   = plain
  __data_model             = large
  __dptr_size              = 16
  __extended_stack         = disabled
  __location_for_constants = data
  __number_of_dptrs        = 1
  __rt_version             = 1



                ****************************************
                *                                      *
                *              MODULE MAP              *
                *                                      *
                ****************************************


  DEFINED ABSOLUTE ENTRIES
    *************************************************************************

  DEFINED ABSOLUTE ENTRIES
  PROGRAM MODULE, NAME : ?ABS_ENTRY_MOD

Absolute parts
           ENTRY                   ADDRESS         REF BY
           =====                   =======         ======
           _FAR22_HEAP_SIZE        00000FFF 
           _HUGE_HEAP_SIZE         00000FFF 
           _FAR_HEAP_SIZE          00000FFF 
           _XDATA_HEAP_SIZE        000000FF 
           _XDATA_STACK_SIZE       00000100 
           _PDATA_STACK_SIZE       00000080 
           _EXTENDED_STACK_SIZE    00000000 
           _EXTENDED_STACK_START   00000000 
           _IDATA_STACK_SIZE       00000040 
           ?PBANK                  000000A0 
           _NR_OF_VIRTUAL_REGISTERS
                                   00000008 
           ?ESP                    0000009B 
           ?VB                     00000020        ?FUNC_ENTER_XDATA (?FUNC_ENTER_XDATA)
                                                   ?FUNC_LEAVE_XDATA (?FUNC_LEAVE_XDATA)
                                                   ?INTERRUPT_ENTER_SP (?INTERRUPT_ENTER_SP)
                                                   ?INTERRUPT_ENTER_XSP (?INTERRUPT_ENTER_XSP)
                                                   ?INTERRUPT_LEAVE_SP (?INTERRUPT_LEAVE_SP)
                                                   ?INTERRUPT_LEAVE_XSP (?INTERRUPT_LEAVE_XSP)
           _BREG_START             00000000 
           ?PBANK_NUMBER           000000F0 
           _REGISTER_BANK_START    00000000 
           ?REGISTER_BANK          00000000        Segment part 6 (CSTARTUP)
           _CODE0_END              00007FFF 
           _CODE0_START            00000000 
           _XDATA0_END             0000FDA1 
           _XDATA0_START           0000F000 
           _IXDATA0_END            0000FDA1 
           _IXDATA0_START          0000F000 
           _PDATA0_END             0000F0FF 
           _PDATA0_START           0000F000 
           _IDATA0_END             000000FF 
           _IDATA0_START           00000000 
           _CODEBANK_START         00000000 
           _CODEBANK_END           00000000 
           _NR_OF_BANKS            00000000 
    *************************************************************************

  FILE NAME : C:\Documents and Settings\superusuario\Escritorio\Dangerous tests\CC1110\ide\srfccxx10_cc1110\iar\temp\smpl_link\bsp.r51
    *************************************************************************

  FILE NAME : C:\Documents and Settings\superusuario\Escritorio\Dangerous tests\CC1110\ide\srfccxx10_cc1110\iar\temp\smpl_link\bsp_extended.r51
  PROGRAM MODULE, NAME : bsp_extended

  SEGMENTS IN THE MODULE
  ======================
SFR_AN
  Relative segment, address: DATA 00000087 - 00000087 (0x1 bytes), align: 0
  Segment part 1. ROOT.       Intra module refs:   bsp_PowerMode
           ENTRY                   ADDRESS         REF BY
           =====                   =======         ======
           PCON                    00000087 
    -------------------------------------------------------------------------
SFR_AN
  Relative segment, address: DATA 0000008A - 0000008A (0x1 bytes), align: 0
  Segment part 2. ROOT.       Intra module refs:   BSP_ButtonIsr
                                                   BSP_SleepUntilButton
           ENTRY                   ADDRESS         REF BY
           =====                   =======         ======
           P1IFG                   0000008A 
    -------------------------------------------------------------------------
SFR_AN
  Relative segment, address: DATA 0000008D - 0000008D (0x1 bytes), align: 0
  Segment part 3. ROOT.       Intra module refs:   BSP_SleepUntilButton
           ENTRY                   ADDRESS         REF BY
           =====                   =======         ======
           P1IEN                   0000008D 
    -------------------------------------------------------------------------
SFR_AN
  Relative segment, address: DATA 00000090 - 00000090 (0x1 bytes), align: 0
  Segment part 4. ROOT.       Intra module refs:   main
                                                   sMaster
                                                   sSlave
           ENTRY                   ADDRESS         REF BY
           =====                   =======         ======
           _A_P1                   00000090 
    -------------------------------------------------------------------------
SFR_AN
  Relative segment, address: DATA 00000091 - 00000091 (0x1 bytes), align: 0
  Segment part 5. ROOT.       Intra module refs:   Mrfi_RxModeOff
                                                   Mrfi_RxModeOn
           ENTRY                   ADDRESS         REF BY
           =====                   =======         ======
           RFIM                    00000091 
    -------------------------------------------------------------------------
SFR_AN
  Relative segment, address: DATA 0000009A - 0000009A (0x1 bytes), align: 0
  Segment part 6. ROOT.       Intra module refs:   BSP_ButtonIsr
                                                   BSP_SleepFor
                                                   BSP_SleepUntilButton
                                                   MRFI_Init
           ENTRY                   ADDRESS         REF BY
           =====                   =======         ======
           IEN2                    0000009A 
    -------------------------------------------------------------------------
SFR_AN
  Relative segment, address: DATA 0000009B - 0000009B (0x1 bytes), align: 0
  Segment part 7. ROOT.       Intra module refs:   MRFI_RfIsr
                                                   Mrfi_RxModeOff
                                                   Mrfi_RxModeOn
           ENTRY                   ADDRESS         REF BY
           =====                   =======         ======
           S1CON                   0000009B 
    -------------------------------------------------------------------------
SFR_AN
  Relative segment, address: DATA 000000A1 - 000000A1 (0x1 bytes), align: 0
  Segment part 8. ROOT.       Intra module refs:   BSP_SleepFor
                                                   BSP_SleepIsr
           ENTRY                   ADDRESS         REF BY
           =====                   =======         ======
           WORIRQ                  000000A1 
    -------------------------------------------------------------------------
SFR_AN
  Relative segment, address: DATA 000000A2 - 000000A2 (0x1 bytes), align: 0
  Segment part 9. ROOT.       Intra module refs:   BSP_SleepFor
           ENTRY                   ADDRESS         REF BY
           =====                   =======         ======
           WORCTRL                 000000A2 
    -------------------------------------------------------------------------
SFR_AN
  Relative segment, address: DATA 000000A3 - 000000A3 (0x1 bytes), align: 0
  Segment part 10. ROOT.      Intra module refs:   BSP_SleepFor
           ENTRY                   ADDRESS         REF BY
           =====                   =======         ======
           WOREVT0                 000000A3 
    -------------------------------------------------------------------------
SFR_AN
  Relative segment, address: DATA 000000A4 - 000000A4 (0x1 bytes), align: 0
  Segment part 11. ROOT.      Intra module refs:   BSP_SleepFor
           ENTRY                   ADDRESS         REF BY
           =====                   =======         ======
           WOREVT1                 000000A4 
    -------------------------------------------------------------------------
SFR_AN
  Relative segment, address: DATA 000000A5 - 000000A5 (0x1 bytes), align: 0
  Segment part 12. ROOT.      Intra module refs:   BSP_SleepFor
                                                   bsp_PowerMode
           ENTRY                   ADDRESS         REF BY
           =====                   =======         ======
           WORTIME0                000000A5 
    -------------------------------------------------------------------------
SFR_AN
  Relative segment, address: DATA 000000A8 - 000000A8 (0x1 bytes), align: 0
  Segment part 13. ROOT.      Intra module refs:   BSP_ButtonIsr
                                                   BSP_SleepFor
                                                   BSP_SleepIsr
                                                   BSP_SleepUntilButton
                                                   MRFI_Init
                                                   MRFI_ReplyDelay
                                                   MRFI_RfIsr
                                                   MRFI_RxIdle
                                                   MRFI_RxOn
                                                   MRFI_Sleep
                                                   MRFI_Transmit
                                                   MRFI_WakeUp
                                                   Mrfi_DelayUsec
                                                   SMPL_LinkListen
                                                   main
                                                   nwk_QadjustOrder
                                                   nwk_QfindOldest
                                                   nwk_radioControl
                                                   pop_buffer
                                                   push_buffer
                                                   rx_handler
                                                   tx_handler
                                                   tx_send
                                                   tx_send_wait
                                                   uart_init
                                                   uart_rx_irq
                                                   uart_tx_irq
           ENTRY                   ADDRESS         REF BY
           =====                   =======         ======
           _A_IEN0                 000000A8 
    -------------------------------------------------------------------------
SFR_AN
  Relative segment, address: DATA 000000B4 - 000000B4 (0x1 bytes), align: 0
  Segment part 14. ROOT.      Intra module refs:   MRFI_RandomByte
                                                   main
           ENTRY                   ADDRESS         REF BY
           =====                   =======         ======
           ADCCON1                 000000B4 
    -------------------------------------------------------------------------
SFR_AN
  Relative segment, address: DATA 000000B6 - 000000B6 (0x1 bytes), align: 0
  Segment part 15. ROOT.      Intra module refs:   main
           ENTRY                   ADDRESS         REF BY
           =====                   =======         ======
           ADCCON3                 000000B6 
    -------------------------------------------------------------------------
SFR_AN
  Relative segment, address: DATA 000000BA - 000000BA (0x1 bytes), align: 0
  Segment part 16. ROOT.      Intra module refs:   main
           ENTRY                   ADDRESS         REF BY
           =====                   =======         ======
           ADCL                    000000BA 
    -------------------------------------------------------------------------
SFR_AN
  Relative segment, address: DATA 000000BB - 000000BB (0x1 bytes), align: 0
  Segment part 17. ROOT.      Intra module refs:   main
           ENTRY                   ADDRESS         REF BY
           =====                   =======         ======
           ADCH                    000000BB 
    -------------------------------------------------------------------------
SFR_AN
  Relative segment, address: DATA 000000BC - 000000BC (0x1 bytes), align: 0
  Segment part 18. ROOT.      Intra module refs:   MRFI_Init
                                                   MRFI_RandomByte
                                                   main
           ENTRY                   ADDRESS         REF BY
           =====                   =======         ======
           RNDL                    000000BC 
    -------------------------------------------------------------------------
SFR_AN
  Relative segment, address: DATA 000000BE - 000000BE (0x1 bytes), align: 0
  Segment part 19. ROOT.      Intra module refs:   BSP_ButtonIsr
                                                   BSP_SleepFor
                                                   BSP_SleepIsr
                                                   BSP_SleepUntilButton
                                                   MRFI_Init
                                                   bsp_PowerMode
           ENTRY                   ADDRESS         REF BY
           =====                   =======         ======
           SLEEP                   000000BE 
    -------------------------------------------------------------------------
SFR_AN
  Relative segment, address: DATA 000000C0 - 000000C0 (0x1 bytes), align: 0
  Segment part 20. ROOT.      Intra module refs:   BSP_SleepFor
                                                   BSP_SleepIsr
           ENTRY                   ADDRESS         REF BY
           =====                   =======         ======
           _A_IRCON                000000C0 
    -------------------------------------------------------------------------
SFR_AN
  Relative segment, address: DATA 000000C1 - 000000C1 (0x1 bytes), align: 0
  Segment part 21. ROOT.      Intra module refs:   uart_rx_irq
                                                   uart_tx_irq
           ENTRY                   ADDRESS         REF BY
           =====                   =======         ======
           U0DBUF                  000000C1 
    -------------------------------------------------------------------------
SFR_AN
  Relative segment, address: DATA 000000C2 - 000000C2 (0x1 bytes), align: 0
  Segment part 22. ROOT.      Intra module refs:   uart_init
           ENTRY                   ADDRESS         REF BY
           =====                   =======         ======
           U0BAUD                  000000C2 
    -------------------------------------------------------------------------
SFR_AN
  Relative segment, address: DATA 000000C6 - 000000C6 (0x1 bytes), align: 0
  Segment part 23. ROOT.      Intra module refs:   BSP_SleepFor
                                                   BSP_SleepUntilButton
                                                   MRFI_Init
                                                   MRFI_WakeUp
           ENTRY                   ADDRESS         REF BY
           =====                   =======         ======
           CLKCON                  000000C6 
    -------------------------------------------------------------------------
SFR_AN
  Relative segment, address: DATA 000000C7 - 000000C7 (0x1 bytes), align: 0
  Segment part 24. ROOT.      Intra module refs:   bsp_PowerMode
           ENTRY                   ADDRESS         REF BY
           =====                   =======         ======
           MEMCTR                  000000C7 
    -------------------------------------------------------------------------
SFR_AN
  Relative segment, address: DATA 000000CB - 000000CB (0x1 bytes), align: 0
  Segment part 25. ROOT.      Intra module refs:   BSP_Delay
           ENTRY                   ADDRESS         REF BY
           =====                   =======         ======
           T3CTL                   000000CB 
    -------------------------------------------------------------------------
SFR_AN
  Relative segment, address: DATA 000000CD - 000000CD (0x1 bytes), align: 0
  Segment part 26. ROOT.      Intra module refs:   BSP_Delay
           ENTRY                   ADDRESS         REF BY
           =====                   =======         ======
           T3CC0                   000000CD 
    -------------------------------------------------------------------------
SFR_AN
  Relative segment, address: DATA 000000D1 - 000000D1 (0x1 bytes), align: 0
  Segment part 27. ROOT.      Intra module refs:   Mrfi_RxModeOff
           ENTRY                   ADDRESS         REF BY
           =====                   =======         ======
           DMAIRQ                  000000D1 
    -------------------------------------------------------------------------
SFR_AN
  Relative segment, address: DATA 000000D4 - 000000D4 (0x1 bytes), align: 0
  Segment part 28. ROOT.      Intra module refs:   MRFI_Init
                                                   bsp_PowerMode
           ENTRY                   ADDRESS         REF BY
           =====                   =======         ======
           DMA0CFGL                000000D4 
    -------------------------------------------------------------------------
SFR_AN
  Relative segment, address: DATA 000000D5 - 000000D5 (0x1 bytes), align: 0
  Segment part 29. ROOT.      Intra module refs:   MRFI_Init
                                                   bsp_PowerMode
           ENTRY                   ADDRESS         REF BY
           =====                   =======         ======
           DMA0CFGH                000000D5 
    -------------------------------------------------------------------------
SFR_AN
  Relative segment, address: DATA 000000D6 - 000000D6 (0x1 bytes), align: 0
  Segment part 30. ROOT.      Intra module refs:   MRFI_RfIsr
                                                   MRFI_Transmit
                                                   Mrfi_RxModeOff
                                                   Mrfi_RxModeOn
                                                   bsp_PowerMode
           ENTRY                   ADDRESS         REF BY
           =====                   =======         ======
           DMAARM                  000000D6 
    -------------------------------------------------------------------------
SFR_AN
  Relative segment, address: DATA 000000D8 - 000000D8 (0x1 bytes), align: 0
  Segment part 31. ROOT.      Intra module refs:   BSP_Delay
           ENTRY                   ADDRESS         REF BY
           =====                   =======         ======
           _A_TIMIF                000000D8 
    -------------------------------------------------------------------------
SFR_AN
  Relative segment, address: DATA 000000E1 - 000000E1 (0x1 bytes), align: 0
  Segment part 32. ROOT.      Intra module refs:   MRFI_Init
                                                   MRFI_Transmit
                                                   MRFI_WakeUp
                                                   Mrfi_RxModeOff
                                                   Mrfi_RxModeOn
           ENTRY                   ADDRESS         REF BY
           =====                   =======         ======
           RFST                    000000E1 
    -------------------------------------------------------------------------
SFR_AN
  Relative segment, address: DATA 000000E8 - 000000E8 (0x1 bytes), align: 0
  Segment part 33. ROOT.      Intra module refs:   BSP_ButtonIsr
                                                   BSP_SleepUntilButton
                                                   uart_init
                                                   uart_tx_irq
           ENTRY                   ADDRESS         REF BY
           =====                   =======         ======
           _A_IRCON2               000000E8 
    -------------------------------------------------------------------------
SFR_AN
  Relative segment, address: DATA 000000E9 - 000000E9 (0x1 bytes), align: 0
  Segment part 34. ROOT.      Intra module refs:   MRFI_RfIsr
                                                   MRFI_Transmit
                                                   Mrfi_RxModeOff
                                                   Mrfi_RxModeOn
           ENTRY                   ADDRESS         REF BY
           =====                   =======         ======
           RFIF                    000000E9 
    -------------------------------------------------------------------------
SFR_AN
  Relative segment, address: DATA 000000FE - 000000FE (0x1 bytes), align: 0
  Segment part 35. ROOT.      Intra module refs:   main
           ENTRY                   ADDRESS         REF BY
           =====                   =======         ======
           P1DIR                   000000FE 
    -------------------------------------------------------------------------
XDATA_Z
  Relative segment, address: XDATA 0000F100 - 0000F100 (0x1 bytes), align: 0
  Segment part 77.            Intra module refs:   BSP_ButtonIsr
                                                   BSP_SleepUntilButton
           LOCAL                   ADDRESS         
           =====                   =======         
           sButtonPushed           0000F100 
    -------------------------------------------------------------------------
XDATA_I
  Relative segment, address: XDATA 0000F2E9 - 0000F31F (0x37 bytes), align: 0
  Segment part 57.            Intra module refs:   main
    -------------------------------------------------------------------------
XDATA_I
  Relative segment, address: XDATA 0000F320 - 0000F348 (0x29 bytes), align: 0
  Segment part 59.            Intra module refs:   main
    -------------------------------------------------------------------------
XDATA_I
  Relative segment, address: XDATA 0000F349 - 0000F367 (0x1f bytes), align: 0
  Segment part 61.            Intra module refs:   sMaster
    -------------------------------------------------------------------------
XDATA_I
  Relative segment, address: XDATA 0000F368 - 0000F37B (0x14 bytes), align: 0
  Segment part 63.            Intra module refs:   sMaster
                                                   sSlave
    -------------------------------------------------------------------------
XDATA_I
  Relative segment, address: XDATA 0000F37C - 0000F38A (0xf bytes), align: 0
  Segment part 65.            Intra module refs:   sMaster
    -------------------------------------------------------------------------
XDATA_I
  Relative segment, address: XDATA 0000F38B - 0000F399 (0xf bytes), align: 0
  Segment part 67.            Intra module refs:   sMaster
    -------------------------------------------------------------------------
XDATA_I
  Relative segment, address: XDATA 0000F39A - 0000F3B1 (0x18 bytes), align: 0
  Segment part 69.            Intra module refs:   sMaster
    -------------------------------------------------------------------------
XDATA_I
  Relative segment, address: XDATA 0000F3B2 - 0000F3BA (0x9 bytes), align: 0
  Segment part 71.            Intra module refs:   sMaster
    -------------------------------------------------------------------------
XDATA_I
  Relative segment, address: XDATA 0000F3BB - 0000F3D8 (0x1e bytes), align: 0
  Segment part 73.            Intra module refs:   sSlave
    -------------------------------------------------------------------------
XDATA_I
  Relative segment, address: XDATA 0000F3D9 - 0000F3ED (0x15 bytes), align: 0
  Segment part 75.            Intra module refs:   sRxCallback
    -------------------------------------------------------------------------
XDATA_I
  Relative segment, address: XDATA 0000F3EE - 0000F3F4 (0x7 bytes), align: 0
  Segment part 78.            Intra module refs:   bsp_PowerMode
           LOCAL                   ADDRESS         
           =====                   =======         
           pm2Buf                  0000F3EE 
    -------------------------------------------------------------------------
XDATA_I
  Relative segment, address: XDATA 0000F3F5 - 0000F3FB (0x7 bytes), align: 0
  Segment part 80.            Intra module refs:   bsp_PowerMode
           LOCAL                   ADDRESS         
           =====                   =======         
           pm3Buf                  0000F3F5 
    -------------------------------------------------------------------------
XDATA_I
  Relative segment, address: XDATA 0000F3FC - 0000F403 (0x8 bytes), align: 0
  Segment part 82.            Intra module refs:   bsp_PowerMode
           LOCAL                   ADDRESS         
           =====                   =======         
           dmaDesc                 0000F3FC 
    -------------------------------------------------------------------------
NEAR_CODE
  Relative segment, address: CODE 00000630 - 00000669 (0x3a bytes), align: 0
  Segment part 151.           Intra module refs:   BSP_ButtonIsr::??INTVEC 123
           ENTRY                   ADDRESS         REF BY
           =====                   =======         ======
           BSP_ButtonIsr           00000630 
               interrupt function
               ISTACK = 00000000 ( 00000004 )
    -------------------------------------------------------------------------
NEAR_CODE
  Relative segment, address: CODE 0000066A - 0000067E (0x15 bytes), align: 0
  Segment part 152.           Intra module refs:   BSP_SleepIsr::??INTVEC 43
           ENTRY                   ADDRESS         REF BY
           =====                   =======         ======
           BSP_SleepIsr            0000066A 
               interrupt function
               ISTACK = 00000000 ( 00000002 )
    -------------------------------------------------------------------------
NEAR_CODE
  Relative segment, address: CODE 0000067F - 00000711 (0x93 bytes), align: 0
  Segment part 153.           Intra module refs:   BSP_SleepFor
                                                   BSP_SleepUntilButton
           ENTRY                   ADDRESS         REF BY
           =====                   =======         ======
           bsp_PowerMode           0000067F 
               XSTACK = 00000009 ( 00000008 )
    -------------------------------------------------------------------------
NEAR_CODE
  Relative segment, address: CODE 00000712 - 00000787 (0x76 bytes), align: 0
  Segment part 154.           Intra module refs:   sMaster
           ENTRY                   ADDRESS         REF BY
           =====                   =======         ======
           BSP_SleepFor            00000712 
               calls direct
               XSTACK = 0000000F ( 00000009 )
    -------------------------------------------------------------------------
NEAR_CODE
  Relative segment, address: CODE 00000788 - 000007EF (0x68 bytes), align: 0
  Segment part 155.           Intra module refs:   main
                                                   sMaster
           ENTRY                   ADDRESS         REF BY
           =====                   =======         ======
           BSP_SleepUntilButton    00000788 
               calls direct
               XSTACK = 0000000F ( 00000008 )
    -------------------------------------------------------------------------
NEAR_CODE
  Relative segment, address: CODE 000007F0 - 00000801 (0x12 bytes), align: 0
  Segment part 156.           Intra module refs:   BSP_SleepFor
                                                   BSP_SleepUntilButton
           LOCAL                   ADDRESS         
           =====                   =======         
           ?Subroutine23           000007F0 
    -------------------------------------------------------------------------
XDATA_Z
  Relative segment, address: XDATA 0000F101 - 0000F101 (0x1 bytes), align: 0
  Segment part 84.            Intra module refs:   main
           LOCAL                   ADDRESS         
           =====                   =======         
           BSP_createRandomAddress{1}::dummyRead
                                   0000F101 
    -------------------------------------------------------------------------
SFR_AN
  Relative segment, address: DATA 0000009A - 0000009A (0x1 bytes), align: 0
  Segment part 36. ROOT.      Intra module refs:   tx_send
                                                   uart_tx_irq
           ENTRY                   ADDRESS         REF BY
           =====                   =======         ======
           _A__IEN2_               0000009A 
    -------------------------------------------------------------------------
SFR_AN
  Relative segment, address: DATA 000000F1 - 000000F1 (0x1 bytes), align: 0
  Segment part 37. ROOT.      Intra module refs:   uart_init
           ENTRY                   ADDRESS         REF BY
           =====                   =======         ======
           _A__PERCFG_             000000F1 
    -------------------------------------------------------------------------
SFR_AN
  Relative segment, address: DATA 000000F2 - 000000F2 (0x1 bytes), align: 0
  Segment part 38. ROOT.      Intra module refs:   uart_init
           ENTRY                   ADDRESS         REF BY
           =====                   =======         ======
           _A__ADCCFG_             000000F2 
    -------------------------------------------------------------------------
SFR_AN
  Relative segment, address: DATA 000000F3 - 000000F3 (0x1 bytes), align: 0
  Segment part 39. ROOT.      Intra module refs:   uart_init
           ENTRY                   ADDRESS         REF BY
           =====                   =======         ======
           _A__P0SEL_              000000F3 
    -------------------------------------------------------------------------
SFR_AN
  Relative segment, address: DATA 000000F5 - 000000F5 (0x1 bytes), align: 0
  Segment part 40. ROOT.      Intra module refs:   uart_init
           ENTRY                   ADDRESS         REF BY
           =====                   =======         ======
           _A__P2SEL_              000000F5 
    -------------------------------------------------------------------------
SFR_AN
  Relative segment, address: DATA 000000FF - 000000FF (0x1 bytes), align: 0
  Segment part 41. ROOT.      Intra module refs:   uart_init
           ENTRY                   ADDRESS         REF BY
           =====                   =======         ======
           _A__P2DIR_              000000FF 
    -------------------------------------------------------------------------
SFR_AN
  Relative segment, address: DATA 00000086 - 00000086 (0x1 bytes), align: 0
  Segment part 42. ROOT.      Intra module refs:   uart_init
           ENTRY                   ADDRESS         REF BY
           =====                   =======         ======
           _A__U0CSR_              00000086 
    -------------------------------------------------------------------------
SFR_AN
  Relative segment, address: DATA 000000C4 - 000000C4 (0x1 bytes), align: 0
  Segment part 43. ROOT.      Intra module refs:   uart_init
           ENTRY                   ADDRESS         REF BY
           =====                   =======         ======
           _A__U0UCR_              000000C4 
    -------------------------------------------------------------------------
SFR_AN
  Relative segment, address: DATA 000000C5 - 000000C5 (0x1 bytes), align: 0
  Segment part 44. ROOT.      Intra module refs:   uart_init
           ENTRY                   ADDRESS         REF BY
           =====                   =======         ======
           _A__U0GCR_              000000C5 
    -------------------------------------------------------------------------
XDATA_Z
  Relative segment, address: XDATA 0000F102 - 0000F102 (0x1 bytes), align: 0
  Segment part 85.            Intra module refs:   ?Subroutine33
                                                   sMaster
                                                   sSlave
           LOCAL                   ADDRESS         
           =====                   =======         
           sLinkID                 0000F102 
    -------------------------------------------------------------------------
XDATA_Z
  Relative segment, address: XDATA 0000F103 - 0000F103 (0x1 bytes), align: 0
  Segment part 86.            Intra module refs:   ?Subroutine33
                                                   sMaster
                                                   sRxCallback
                                                   sSlave
           LOCAL                   ADDRESS         
           =====                   =======         
           sSemaphore              0000F103 
    -------------------------------------------------------------------------
XDATA_Z
  Relative segment, address: XDATA 0000F104 - 0000F104 (0x1 bytes), align: 0
  Segment part 87.            Intra module refs:   ?Subroutine29
                                                   ?Subroutine35
                                                   sMaster
                                                   sSlave
           LOCAL                   ADDRESS         
           =====                   =======         
           sCurrentPwrLevel        0000F104 
    -------------------------------------------------------------------------
XDATA_Z
  Relative segment, address: XDATA 0000F105 - 0000F105 (0x1 bytes), align: 0
  Segment part 88.            Intra module refs:   ?Subroutine13
                                                   ?Subroutine29
                                                   sMaster
                                                   sSlave
           LOCAL                   ADDRESS         
           =====                   =======         
           sRequestPwrLevel        0000F105 
    -------------------------------------------------------------------------
XDATA_Z
  Relative segment, address: XDATA 0000F106 - 0000F106 (0x1 bytes), align: 0
  Segment part 89.            Intra module refs:   sMaster
           LOCAL                   ADDRESS         
           =====                   =======         
           sNoAckCount             0000F106 
    -------------------------------------------------------------------------
NEAR_CODE
  Relative segment, address: CODE 00000802 - 00000975 (0x174 bytes), align: 0
  Segment part 157.
           ENTRY                   ADDRESS         REF BY
           =====                   =======         ======
           main                    00000802        ?call_main (?cmain)
               calls direct
               XSTACK = 00000000 ( 00000006 )
               ISTACK = 00000000 ( 00000001 )
    -------------------------------------------------------------------------
NEAR_CODE
  Relative segment, address: CODE 00000976 - 00000B0F (0x19a bytes), align: 0
  Segment part 158.           Intra module refs:   main
           LOCAL                   ADDRESS         
           =====                   =======         
           sMaster                 00000976 
               calls direct
               XSTACK = 00000006 ( 00000011 )
               ISTACK = 00000000 ( 00000001 )
    -------------------------------------------------------------------------
NEAR_CODE
  Relative segment, address: CODE 00000B10 - 00000C0C (0xfd bytes), align: 0
  Segment part 159.           Intra module refs:   main
           LOCAL                   ADDRESS         
           =====                   =======         
           sSlave                  00000B10 
               calls direct
               XSTACK = 00000006 ( 00000011 )
               ISTACK = 00000000 ( 00000001 )
    -------------------------------------------------------------------------
NEAR_CODE
  Relative segment, address: CODE 00000C0D - 00000C17 (0xb bytes), align: 0
  Segment part 160.           Intra module refs:   sMaster
                                                   sSlave
           LOCAL                   ADDRESS         
           =====                   =======         
           ?Subroutine50           00000C0D 
    -------------------------------------------------------------------------
NEAR_CODE
  Relative segment, address: CODE 00000C18 - 00000C21 (0xa bytes), align: 0
  Segment part 161.           Intra module refs:   sMaster
                                                   sSlave
           LOCAL                   ADDRESS         
           =====                   =======         
           ?Subroutine41           00000C18 
    -------------------------------------------------------------------------
NEAR_CODE
  Relative segment, address: CODE 00000C22 - 00000C2B (0xa bytes), align: 0
  Segment part 162.           Intra module refs:   sMaster
                                                   sSlave
           LOCAL                   ADDRESS         
           =====                   =======         
           ?Subroutine40           00000C22 
    -------------------------------------------------------------------------
NEAR_CODE
  Relative segment, address: CODE 00000C2C - 00000C39 (0xe bytes), align: 0
  Segment part 163.           Intra module refs:   sMaster
                                                   sSlave
           LOCAL                   ADDRESS         
           =====                   =======         
           ?Subroutine35           00000C2C 
    -------------------------------------------------------------------------
NEAR_CODE
  Relative segment, address: CODE 00000C3A - 00000C55 (0x1c bytes), align: 0
  Segment part 164.           Intra module refs:   sMaster
                                                   sSlave
           LOCAL                   ADDRESS         
           =====                   =======         
           ?Subroutine33           00000C3A 
    -------------------------------------------------------------------------
NEAR_CODE
  Relative segment, address: CODE 00000C56 - 00000C60 (0xb bytes), align: 0
  Segment part 165.           Intra module refs:   sMaster
                                                   sSlave
           LOCAL                   ADDRESS         
           =====                   =======         
           ?Subroutine29           00000C56 
    -------------------------------------------------------------------------
NEAR_CODE
  Relative segment, address: CODE 00000C61 - 00000C71 (0x11 bytes), align: 0
  Segment part 166.           Intra module refs:   sMaster
                                                   sSlave
           LOCAL                   ADDRESS         
           =====                   =======         
           ?Subroutine13           00000C61 
    -------------------------------------------------------------------------
NEAR_CODE
  Relative segment, address: CODE 00000C72 - 00000C9A (0x29 bytes), align: 0
  Segment part 167.           Intra module refs:   main
           LOCAL                   ADDRESS         
           =====                   =======         
           sRxCallback             00000C72 
               calls direct, is indirectly called
               XSTACK = 00000000 ( 00000008 )
    -------------------------------------------------------------------------
NEAR_CODE
  Relative segment, address: CODE 00000C9B - 00000CBE (0x24 bytes), align: 0
  Segment part 168.           Intra module refs:   MRFI_ReplyDelay
                                                   Mrfi_DelayUsec
           ENTRY                   ADDRESS         REF BY
           =====                   =======         ======
           BSP_Delay               00000C9B 
               XSTACK = 0000000A ( 00000000 )
    -------------------------------------------------------------------------
XDATA_Z
  Relative segment, address: XDATA 0000F107 - 0000F108 (0x2 bytes), align: 0
  Segment part 90.            Intra module refs:   tx_send
                                                   uart_init
                                                   uart_tx_irq
           LOCAL                   ADDRESS         
           =====                   =======         
           uart_tx_handler         0000F107 
    -------------------------------------------------------------------------
XDATA_Z
  Relative segment, address: XDATA 0000F109 - 0000F10A (0x2 bytes), align: 0
  Segment part 91.            Intra module refs:   main
                                                   uart_init
                                                   uart_rx_irq
           LOCAL                   ADDRESS         
           =====                   =======         
           uart_rx_handler         0000F109 
    -------------------------------------------------------------------------
NEAR_CODE
  Relative segment, address: CODE 00000CBF - 00000CC0 (0x2 bytes), align: 0
  Segment part 169.           Intra module refs:   uart_0_tx_irq::??INTVEC 59
           ENTRY                   ADDRESS         REF BY
           =====                   =======         ======
           uart_0_tx_irq           00000CBF 
               interrupt function
               calls direct
               ISTACK = 00000000 ( 0000000D )
    -------------------------------------------------------------------------
NEAR_CODE
  Relative segment, address: CODE 00000CC1 - 00000CC2 (0x2 bytes), align: 0
  Segment part 170.           Intra module refs:   uart_1_tx_irq::??INTVEC 115
           ENTRY                   ADDRESS         REF BY
           =====                   =======         ======
           uart_1_tx_irq           00000CC1 
               interrupt function
               calls direct
               ISTACK = 00000000 ( 0000000D )
    -------------------------------------------------------------------------
NEAR_CODE
  Relative segment, address: CODE 00000CC3, align: 0
  Segment part 171.           Intra module refs:   uart_0_rx_irq::??INTVEC 19
           ENTRY                   ADDRESS         REF BY
           =====                   =======         ======
           uart_0_rx_irq           00000CC3 
               interrupt function
               calls direct
               ISTACK = 00000000 ( 0000000D )
    -------------------------------------------------------------------------
NEAR_CODE
  Relative segment, address: CODE 00000CC3 - 00000CCE (0xc bytes), align: 0
  Segment part 172.           Intra module refs:   uart_0_rx_irq
                                                   uart_1_rx_irq
           LOCAL                   ADDRESS         
           =====                   =======         
           ?Subroutine9            00000CC3 
    -------------------------------------------------------------------------
NEAR_CODE
  Relative segment, address: CODE 00000CCF - 00000CD8 (0xa bytes), align: 0
  Segment part 173.           Intra module refs:   uart_0_tx_irq
                                                   uart_1_tx_irq
           LOCAL                   ADDRESS         
           =====                   =======         
           ?Subroutine3            00000CCF 
    -------------------------------------------------------------------------
NEAR_CODE
  Relative segment, address: CODE 00000CD9 - 00000CDD (0x5 bytes), align: 0
  Segment part 174.           Intra module refs:   ?Subroutine3
                                                   ?Subroutine9
    -------------------------------------------------------------------------
NEAR_CODE
  Relative segment, address: CODE 00000CDE - 00000CDF (0x2 bytes), align: 0
  Segment part 175.           Intra module refs:   uart_1_rx_irq::??INTVEC 27
           ENTRY                   ADDRESS         REF BY
           =====                   =======         ======
           uart_1_rx_irq           00000CDE 
               interrupt function
               calls direct
               ISTACK = 00000000 ( 0000000D )
    -------------------------------------------------------------------------
NEAR_CODE
  Relative segment, address: CODE 00000CE0 - 00000D41 (0x62 bytes), align: 0
  Segment part 176.           Intra module refs:   ?Subroutine3
           ENTRY                   ADDRESS         REF BY
           =====                   =======         ======
           uart_tx_irq             00000CE0 
               XSTACK = 00000000 ( 00000001 )
               ISTACK = 00000000 ( 00000002 )
    -------------------------------------------------------------------------
NEAR_CODE
  Relative segment, address: CODE 00000D42 - 00000D7B (0x3a bytes), align: 0
  Segment part 177.           Intra module refs:   ?Subroutine9
           ENTRY                   ADDRESS         REF BY
           =====                   =======         ======
           uart_rx_irq             00000D42 
               ISTACK = 00000000 ( 00000002 )
    -------------------------------------------------------------------------
NEAR_CODE
  Relative segment, address: CODE 00000D7C - 00000DFD (0x82 bytes), align: 0
  Segment part 178.           Intra module refs:   main
           ENTRY                   ADDRESS         REF BY
           =====                   =======         ======
           uart_init               00000D7C 
               XSTACK = 00000006 ( 00000002 )
               ISTACK = 00000000 ( 00000002 )
    -------------------------------------------------------------------------
XDATA_Z
  Relative segment, address: XDATA 0000F10B - 0000F13C (0x32 bytes), align: 0
  Segment part 92.            Intra module refs:   Segment part 95
                                                   Segment part 97
                                                   main
                                                   rx_handler
           LOCAL                   ADDRESS         
           =====                   =======         
           rx_buff                 0000F10B 
    -------------------------------------------------------------------------
XDATA_Z
  Relative segment, address: XDATA 0000F13D - 0000F16E (0x32 bytes), align: 0
  Segment part 93.            Intra module refs:   Segment part 101
                                                   Segment part 99
                                                   main
                                                   tx_handler
                                                   tx_send
           LOCAL                   ADDRESS         
           =====                   =======         
           tx_buff                 0000F13D 
    -------------------------------------------------------------------------
XDATA_I
  Relative segment, address: XDATA 0000F404 - 0000F405 (0x2 bytes), align: 0
  Segment part 94.            Intra module refs:   main
                                                   rx_handler
           LOCAL                   ADDRESS         
           =====                   =======         
           rx_head                 0000F404 
    -------------------------------------------------------------------------
XDATA_I
  Relative segment, address: XDATA 0000F406 - 0000F407 (0x2 bytes), align: 0
  Segment part 96.            Intra module refs:   main
                                                   rx_handler
           LOCAL                   ADDRESS         
           =====                   =======         
           rx_tail                 0000F406 
    -------------------------------------------------------------------------
XDATA_I
  Relative segment, address: XDATA 0000F408 - 0000F409 (0x2 bytes), align: 0
  Segment part 98.            Intra module refs:   ?Subroutine38
                                                   main
                                                   tx_handler
                                                   tx_send
           LOCAL                   ADDRESS         
           =====                   =======         
           tx_head                 0000F408 
    -------------------------------------------------------------------------
XDATA_I
  Relative segment, address: XDATA 0000F40A - 0000F40B (0x2 bytes), align: 0
  Segment part 100.           Intra module refs:   ?Subroutine27
                                                   main
                                                   tx_handler
           LOCAL                   ADDRESS         
           =====                   =======         
           tx_tail                 0000F40A 
    -------------------------------------------------------------------------
NEAR_CODE
  Relative segment, address: CODE 00000DFE - 00000E13 (0x16 bytes), align: 0
  Segment part 179.           Intra module refs:   ?Subroutine54
           ENTRY                   ADDRESS         REF BY
           =====                   =======         ======
           buffer_used_space       00000DFE 
               XSTACK = 00000011 ( 00000000 )
    -------------------------------------------------------------------------
NEAR_CODE
  Relative segment, address: CODE 00000E14 - 00000EC7 (0xb4 bytes), align: 0
  Segment part 180.           Intra module refs:   rx_handler
                                                   tx_send
           ENTRY                   ADDRESS         REF BY
           =====                   =======         ======
           push_buffer             00000E14 
               calls direct
               XSTACK = 00000010 ( 00000011 )
               ISTACK = 00000000 ( 00000001 )
    -------------------------------------------------------------------------
XDATA_Z
  Relative segment, address: XDATA 0000F16F - 0000F16F (0x1 bytes), align: 0
  Segment part 102.           Intra module refs:   MRFI_Init
                                                   MRFI_RfIsr
                                                   MRFI_RxIdle
                                                   MRFI_RxOn
                                                   MRFI_Sleep
                                                   MRFI_Transmit
                                                   MRFI_WakeUp
                                                   SMPL_LinkListen
                                                   nwk_join
                                                   nwk_link
                                                   nwk_radioControl
           LOCAL                   ADDRESS         
           =====                   =======         
           mrfiRadioState          0000F16F 
    -------------------------------------------------------------------------
XDATA_Z
  Relative segment, address: XDATA 0000F170 - 0000F1AF (0x40 bytes), align: 0
  Segment part 103.           Intra module refs:   ?Subroutine53
                                                   MRFI_RfIsr
                                                   Mrfi_RxModeOn
           LOCAL                   ADDRESS         
           =====                   =======         
           mrfiIncomingPacket      0000F170 
    -------------------------------------------------------------------------
XDATA_Z
  Relative segment, address: XDATA 0000F1B0 - 0000F1B0 (0x1 bytes), align: 0
  Segment part 104.           Intra module refs:   MRFI_PostKillSem
                                                   MRFI_ReplyDelay
           LOCAL                   ADDRESS         
           =====                   =======         
           sKillSem                0000F1B0 
    -------------------------------------------------------------------------
XDATA_Z
  Relative segment, address: XDATA 0000F1B1 - 0000F1B1 (0x1 bytes), align: 0
  Segment part 105.           Intra module refs:   ?Subroutine20
                                                   MRFI_PostKillSem
           LOCAL                   ADDRESS         
           =====                   =======         
           sReplyDelayContext      0000F1B1 
    -------------------------------------------------------------------------
XDATA_Z
  Relative segment, address: XDATA 0000F1B2 - 0000F1B3 (0x2 bytes), align: 0
  Segment part 106.           Intra module refs:   MRFI_Init
                                                   MRFI_ReplyDelay
           LOCAL                   ADDRESS         
           =====                   =======         
           sReplyDelayScalar       0000F1B2 
    -------------------------------------------------------------------------
XDATA_Z
  Relative segment, address: XDATA 0000F1B4 - 0000F1B5 (0x2 bytes), align: 0
  Segment part 107.           Intra module refs:   MRFI_Init
                                                   MRFI_Transmit
           LOCAL                   ADDRESS         
           =====                   =======         
           sBackoffHelper          0000F1B4 
    -------------------------------------------------------------------------
XDATA_Z
  Relative segment, address: XDATA 0000F1B6 - 0000F1BD (0x8 bytes), align: 0
  Segment part 108.           Intra module refs:   ?Subroutine19
                                                   MRFI_Init
                                                   MRFI_Transmit
                                                   Mrfi_RxModeOn
           ENTRY                   ADDRESS         REF BY
           =====                   =======         ======
           mrfiDmaCfg              0000F1B6 
    -------------------------------------------------------------------------
NEAR_CODE
  Relative segment, address: CODE 00000EC8 - 00000ECA (0x3 bytes), align: 0
  Segment part 181.           Intra module refs:   MRFI_ReplyDelay
           LOCAL                   ADDRESS         
           =====                   =======         
           ?Subroutine20           00000EC8 
    -------------------------------------------------------------------------
NEAR_CODE
  Relative segment, address: CODE 00000ECB - 00000ED1 (0x7 bytes), align: 0
  Segment part 182.           Intra module refs:   ?Subroutine20
                                                   push_buffer
                                                   uart_rx_irq
    -------------------------------------------------------------------------
NEAR_CODE
  Relative segment, address: CODE 00000ED2 - 00000F95 (0xc4 bytes), align: 0
  Segment part 183.           Intra module refs:   tx_handler
           ENTRY                   ADDRESS         REF BY
           =====                   =======         ======
           pop_buffer              00000ED2 
               XSTACK = 0000000F ( 0000000F )
               ISTACK = 00000000 ( 00000001 )
    -------------------------------------------------------------------------
NEAR_CODE
  Relative segment, address: CODE 00000F96 - 00000F9D (0x8 bytes), align: 0
  Segment part 184.           Intra module refs:   MRFI_ReplyDelay
                                                   pop_buffer
                                                   push_buffer
           LOCAL                   ADDRESS         
           =====                   =======         
           ?Subroutine32           00000F96 
    -------------------------------------------------------------------------
NEAR_CODE
  Relative segment, address: CODE 00000F9E - 00000F9F (0x2 bytes), align: 0
  Segment part 185.           Intra module refs:   nwk_retrieveFrame
                                                   push_buffer
           LOCAL                   ADDRESS         
           =====                   =======         
           ?Subroutine4            00000F9E 
    -------------------------------------------------------------------------
NEAR_CODE
  Relative segment, address: CODE 00000FA0 - 00000FA2 (0x3 bytes), align: 0
  Segment part 186.           Intra module refs:   ?Subroutine10
                                                   ?Subroutine4
                                                   SMPL_SendOpt
    -------------------------------------------------------------------------
NEAR_CODE
  Relative segment, address: CODE 00000FA3 - 00000FA7 (0x5 bytes), align: 0
  Segment part 187.           Intra module refs:   Segment part 186
                                                   dispatchFrame
                                                   nwk_buildFrame
                                                   pop_buffer
    -------------------------------------------------------------------------
NEAR_CODE
  Relative segment, address: CODE 00000FA8 - 0000101D (0x76 bytes), align: 0
  Segment part 188.           Intra module refs:   main
                                                   sMaster
                                                   sRxCallback
                                                   sSlave
           ENTRY                   ADDRESS         REF BY
           =====                   =======         ======
           tx_send_wait            00000FA8 
               calls direct
               XSTACK = 0000000F ( 0000000D )
    -------------------------------------------------------------------------
NEAR_CODE
  Relative segment, address: CODE 0000101E - 0000102A (0xd bytes), align: 0
  Segment part 189.           Intra module refs:   push_buffer
                                                   tx_send_wait
           LOCAL                   ADDRESS         
           =====                   =======         
           ?Subroutine54           0000101E 
    -------------------------------------------------------------------------
XDATA_I
  Relative segment, address: XDATA 0000F40C - 0000F40F (0x4 bytes), align: 0
  Segment part 109.           Intra module refs:   MRFI_RfIsr
                                                   nwk_join
                                                   nwk_link
                                                   nwk_nwkInit
           ENTRY                   ADDRESS         REF BY
           =====                   =======         ======
           mrfiBroadcastAddr       0000F40C 
    -------------------------------------------------------------------------
XDATA_I
  Relative segment, address: XDATA 0000F410 - 0000F412 (0x3 bytes), align: 0
  Segment part 111.           Intra module refs:   nwk_radioControl
           LOCAL                   ADDRESS         
           =====                   =======         
           mrfiRFPowerTable        0000F410 
    -------------------------------------------------------------------------
XDATA_Z
  Relative segment, address: XDATA 0000F1BE - 0000F1BE (0x1 bytes), align: 0
  Segment part 113.           Intra module refs:   MRFI_RfIsr
                                                   main
           LOCAL                   ADDRESS         
           =====                   =======         
           mrfiRxFilterEnabled     0000F1BE 
    -------------------------------------------------------------------------
XDATA_I
  Relative segment, address: XDATA 0000F413 - 0000F416 (0x4 bytes), align: 0
  Segment part 114.           Intra module refs:   ?Subroutine51
                                                   main
           LOCAL                   ADDRESS         
           =====                   =======         
           mrfiRxFilterAddr        0000F413 
    -------------------------------------------------------------------------
XDATA_I
  Relative segment, address: XDATA 0000F417 - 0000F431 (0x1b bytes), align: 0
  Segment part 116.           Intra module refs:   ?Subroutine47
                                                   dispatchFrame
                                                   map_lid2idx
                                                   nwk_allocateLocalRxPort
                                                   nwk_getConnInfo
                                                   nwk_getNextConnection
                                                   nwk_nwkInit
                                                   smpl_send_link_reply
                                                   smpl_send_unlink_reply
           LOCAL                   ADDRESS         
           =====                   =======         
           sPersistInfo            0000F417 
    -------------------------------------------------------------------------
NEAR_CODE
  Relative segment, address: CODE 0000102B - 0000102D (0x3 bytes), align: 0
  Segment part 190.           Intra module refs:   SMPL_Receive
                                                   nwk_putNumObjectIntoMsg
           LOCAL                   ADDRESS         
           =====                   =======         
           ?Subroutine5            0000102B 
    -------------------------------------------------------------------------
NEAR_CODE
  Relative segment, address: CODE 0000102E - 00001032 (0x5 bytes), align: 0
  Segment part 191.           Intra module refs:   ?Subroutine5
                                                   SMPL_LinkListen
                                                   nwk_radioControl
                                                   tx_send_wait
    -------------------------------------------------------------------------
NEAR_CODE
  Relative segment, address: CODE 00001033 - 0000109D (0x6b bytes), align: 0
  Segment part 192.           Intra module refs:   sMaster
                                                   sSlave
                                                   tx_send_wait
           ENTRY                   ADDRESS         REF BY
           =====                   =======         ======
           tx_send                 00001033 
               calls direct
               XSTACK = 0000000F ( 0000000F )
    -------------------------------------------------------------------------
NEAR_CODE
  Relative segment, address: CODE 0000109E - 00001100 (0x63 bytes), align: 0
  Segment part 193.           Intra module refs:   tx_send
           ENTRY                   ADDRESS         REF BY
           =====                   =======         ======
           tx_handler              0000109E 
               calls direct, is indirectly called
               XSTACK = 00000000 ( 0000000F )
    -------------------------------------------------------------------------
NEAR_CODE
  Relative segment, address: CODE 00001101 - 00001106 (0x6 bytes), align: 0
  Segment part 194.           Intra module refs:   nwk_putNumObjectIntoMsg
                                                   pop_buffer
                                                   tx_handler
                                                   uart_tx_irq
           LOCAL                   ADDRESS         
           =====                   =======         
           ?Subroutine42           00001101 
    -------------------------------------------------------------------------
NEAR_CODE
  Relative segment, address: CODE 00001107 - 00001161 (0x5b bytes), align: 0
  Segment part 195.           Intra module refs:   main
           ENTRY                   ADDRESS         REF BY
           =====                   =======         ======
           rx_handler              00001107 
               calls direct, is indirectly called
               XSTACK = 00000000 ( 00000010 )
               ISTACK = 00000000 ( 00000001 )
    -------------------------------------------------------------------------
NEAR_CODE
  Relative segment, address: CODE 00001162 - 000012C8 (0x167 bytes), align: 0
  Segment part 196.           Intra module refs:   main
           ENTRY                   ADDRESS         REF BY
           =====                   =======         ======
           MRFI_Init               00001162 
               calls direct
               XSTACK = 00000006 ( 0000000B )
    -------------------------------------------------------------------------
NEAR_CODE
  Relative segment, address: CODE 000012C9 - 000012CD (0x5 bytes), align: 0
  Segment part 197.           Intra module refs:   BSP_SleepFor
                                                   MRFI_Init
                                                   Mrfi_DelayUsec
                                                   Mrfi_RxModeOn
                                                   nwk_processMgmt
                                                   rx_handler
                                                   tx_handler
                                                   tx_send
           LOCAL                   ADDRESS         
           =====                   =======         
           ?Subroutine1            000012C9 
    -------------------------------------------------------------------------
NEAR_CODE
  Relative segment, address: CODE 000012CE - 000012D5 (0x8 bytes), align: 0
  Segment part 198.           Intra module refs:   MRFI_Init
                                                   MRFI_RfIsr
                                                   Mrfi_RxModeOn
           LOCAL                   ADDRESS         
           =====                   =======         
           ?Subroutine53           000012CE 
    -------------------------------------------------------------------------
NEAR_CODE
  Relative segment, address: CODE 000012D6 - 000012DB (0x6 bytes), align: 0
  Segment part 199.           Intra module refs:   ?Subroutine53
                                                   nwk_allocateLocalRxPort
                                                   nwk_nwkInit
    -------------------------------------------------------------------------
NEAR_CODE
  Relative segment, address: CODE 000012DC - 0000139F (0xc4 bytes), align: 0
  Segment part 200.           Intra module refs:   nwk_sendFrame
           ENTRY                   ADDRESS         REF BY
           =====                   =======         ======
           MRFI_Transmit           000012DC 
               calls direct
               XSTACK = 00000008 ( 0000000A )
    -------------------------------------------------------------------------
NEAR_CODE
  Relative segment, address: CODE 000013A0 - 000013A4 (0x5 bytes), align: 0
  Segment part 201.           Intra module refs:   MRFI_ReplyDelay
                                                   MRFI_Transmit
                                                   nwk_QfindSlot
           LOCAL                   ADDRESS         
           =====                   =======         
           ?Subroutine6            000013A0 
    -------------------------------------------------------------------------
NEAR_CODE
  Relative segment, address: CODE 000013A5 - 000014C6 (0x122 bytes), align: 0
  Segment part 202.           Intra module refs:   MRFI_RfIsr::??INTVEC 131
           ENTRY                   ADDRESS         REF BY
           =====                   =======         ======
           MRFI_RfIsr              000013A5 
               interrupt function
               calls direct
               XSTACK = 00000000 ( 00000002 )
               ISTACK = 00000000 ( 00000010 )
    -------------------------------------------------------------------------
NEAR_CODE
  Relative segment, address: CODE 000014C7 - 000014D1 (0xb bytes), align: 0
[...]

    -------------------------------------------------------------------------
  LIBRARY MODULE, NAME : ?FUNC_LEAVE_XDATA

  SEGMENTS IN THE MODULE
  ======================
RCODE
  Relative segment, address: CODE 00000410 - 00000447 (0x38 bytes), align: 0
  Segment part 1.
           ENTRY                   ADDRESS         REF BY
           =====                   =======         ======
           ?FUNC_LEAVE_XDATA       00000410        ?Subroutine1 (bsp_extended)
                                                   ?Subroutine6 (bsp_extended)
                                                   ?Subroutine8 (bsp_extended)
                                                   Segment part 187 (bsp_extended)
                                                   Segment part 191 (bsp_extended)
                                                   Segment part 219 (bsp_extended)
                                                   Segment part 227 (bsp_extended)
                                                   memcmp (?memcmp)
                                                   memcpy (?memcpy)
                                                   memmove (?memmove)
                                                   memset (?memset)
                                                   nwk_isValidReply (bsp_extended)

    -------------------------------------------------------------------------
  LIBRARY MODULE, NAME : ?INTERRUPT_ENTER_SP

  SEGMENTS IN THE MODULE
  ======================
RCODE
  Relative segment, address: CODE 00000448 - 0000047E (0x37 bytes), align: 0
  Segment part 0.
           ENTRY                   ADDRESS         REF BY
           =====                   =======         ======
           ?INTERRUPT_ENTER_SP     00000448        ?Subroutine3 (bsp_extended)
                                                   ?Subroutine9 (bsp_extended)

    -------------------------------------------------------------------------
  LIBRARY MODULE, NAME : ?INTERRUPT_LEAVE_SP

  SEGMENTS IN THE MODULE
  ======================
RCODE
  Relative segment, address: CODE 0000047F - 000004AD (0x2f bytes), align: 0
  Segment part 0.
           ENTRY                   ADDRESS         REF BY
           =====                   =======         ======
           ?INTERRUPT_LEAVE_SP     0000047F        Segment part 174 (bsp_extended)

    -------------------------------------------------------------------------
  LIBRARY MODULE, NAME : ?INTERRUPT_ENTER_XSP

  SEGMENTS IN THE MODULE
  ======================
RCODE
  Relative segment, address: CODE 000004AE - 0000050C (0x5f bytes), align: 0
  Segment part 1.
           ENTRY                   ADDRESS         REF BY
           =====                   =======         ======
           ?INTERRUPT_ENTER_XSP    000004AE        MRFI_RfIsr (bsp_extended)

    -------------------------------------------------------------------------
  LIBRARY MODULE, NAME : ?INTERRUPT_LEAVE_XSP

  SEGMENTS IN THE MODULE
  ======================
RCODE
  Relative segment, address: CODE 0000050D - 0000055C (0x50 bytes), align: 0
  Segment part 1.
           ENTRY                   ADDRESS         REF BY
           =====                   =======         ======
           ?INTERRUPT_LEAVE_XSP    0000050D        MRFI_RfIsr (bsp_extended)

    -------------------------------------------------------------------------
  LIBRARY MODULE, NAME : ?PUSH_XSTACK_I

  SEGMENTS IN THE MODULE
  ======================
RCODE
  Relative segment, address: CODE 0000055D - 00000560 (0x4 bytes), align: 0
  Segment part 2.
           ENTRY                   ADDRESS         REF BY
           =====                   =======         ======
           ?PUSH_XSTACK_I_TWO      0000055D        MRFI_Init (bsp_extended)
                                                   MRFI_RfIsr (bsp_extended)
                                                   Mrfi_RxModeOn (bsp_extended)
                                                   SMPL_Ioctl (bsp_extended)
                                                   SMPL_Receive (bsp_extended)
                                                   SMPL_SendOpt (bsp_extended)
                                                   dispatchFrame (bsp_extended)
                                                   nwk_QfindOldest (bsp_extended)
                                                   nwk_allocateLocalRxPort (bsp_extended)
                                                   nwk_buildFrame (bsp_extended)
                                                   nwk_isValidReply (bsp_extended)
                                                   nwk_join (bsp_extended)
                                                   nwk_link (bsp_extended)
                                                   nwk_nwkInit (bsp_extended)
                                                   nwk_processMgmt (bsp_extended)
                                                   nwk_processPing (bsp_extended)
                                                   nwk_putNumObjectIntoMsg (bsp_extended)
                                                   nwk_radioControl (bsp_extended)
                                                   nwk_retrieveFrame (bsp_extended)
                                                   rx_handler (bsp_extended)
                                                   sMaster (bsp_extended)
                                                   sSlave (bsp_extended)
                                                   smpl_send_link_reply (bsp_extended)
                                                   smpl_send_unlink_reply (bsp_extended)
                                                   tx_handler (bsp_extended)
                                                   tx_send (bsp_extended)
    -------------------------------------------------------------------------
RCODE
  Relative segment, address: CODE 00000561 - 0000056D (0xd bytes), align: 0
  Segment part 4.             Intra module refs:   ?PUSH_XSTACK_I_TWO
           ENTRY                   ADDRESS         REF BY
           =====                   =======         ======
           ?PUSH_XSTACK_I          00000561 

    -------------------------------------------------------------------------
  LIBRARY MODULE, NAME : ?PUSH_XSTACK8_X

  SEGMENTS IN THE MODULE
  ======================
RCODE
  Relative segment, address: CODE 0000056E - 00000571 (0x4 bytes), align: 0
  Segment part 3.
           ENTRY                   ADDRESS         REF BY
           =====                   =======         ======
           ?PUSH_XSTACK8_X_TWO     0000056E        SMPL_Ioctl (bsp_extended)
    -------------------------------------------------------------------------
RCODE
  Relative segment, address: CODE 00000572 - 0000059A (0x29 bytes), align: 0
  Segment part 5.             Intra module refs:   ?PUSH_XSTACK8_X_TWO
           ENTRY                   ADDRESS         REF BY
           =====                   =======         ======
           ?PUSH_XSTACK8_X         00000572 

    -------------------------------------------------------------------------
  LIBRARY MODULE, NAME : ?UC_SWITCH_DENSE

  SEGMENTS IN THE MODULE
  ======================
RCODE
  Relative segment, address: CODE 0000059B - 000005A0 (0x6 bytes), align: 0
  Segment part 0.
           ENTRY                   ADDRESS         REF BY
           =====                   =======         ======
           ?UC_SWITCH_DENSE        0000059B        SMPL_Ioctl (bsp_extended)
                                                   nwk_processLink (bsp_extended)
                                                   nwk_putNumObjectIntoMsg (bsp_extended)
                                                   nwk_radioControl (bsp_extended)
    -------------------------------------------------------------------------
RCODE
  Relative segment, address: CODE 000005A1 - 000005CF (0x2f bytes), align: 0
  Segment part 2.             Intra module refs:   ?UC_SWITCH_DENSE
    -------------------------------------------------------------------------
RCODE
  Relative segment, address: CODE 000005D0 - 000005D0 (0x1 bytes), align: 0
  Segment part 4.             Intra module refs:   ?UC_SWITCH_DENSE

    -------------------------------------------------------------------------
  LIBRARY MODULE, NAME : ?UC_SWITCH_SPARSE

  SEGMENTS IN THE MODULE
  ======================
RCODE
  Relative segment, address: CODE 000005D1 - 000005D7 (0x7 bytes), align: 0
  Segment part 0.
           ENTRY                   ADDRESS         REF BY
           =====                   =======         ======
           ?UC_SWITCH_SPARSE       000005D1        SMPL_Ioctl (bsp_extended)
    -------------------------------------------------------------------------
RCODE
  Relative segment, address: CODE 000005D8 - 000005F9 (0x22 bytes), align: 0
  Segment part 2.             Intra module refs:   ?UC_SWITCH_SPARSE
           ENTRY                   ADDRESS         REF BY
           =====                   =======         ======
           ?UC_SWITCH_SPARSE_LEAVE
                                   000005EE        ?UC_JMP_IF_IN_RANGE (?UC_JMP_IF_IN_RANGE)
                                                   ?UC_JMP_IF_VALUE (?UC_JMP_IF_VALUE)
    -------------------------------------------------------------------------
RCODE
  Relative segment, address: CODE 000005FA - 000005FA (0x1 bytes), align: 0
  Segment part 4.             Intra module refs:   ?UC_SWITCH_SPARSE

    -------------------------------------------------------------------------
  LIBRARY MODULE, NAME : ?UC_JMP_IF_IN_RANGE

  SEGMENTS IN THE MODULE
  ======================
RCODE
  Relative segment, address: CODE 000005FB - 00000619 (0x1f bytes), align: 0
  Segment part 0.
           ENTRY                   ADDRESS         REF BY
           =====                   =======         ======
           ?UC_JMP_IF_IN_RANGE     000005FB        ?UC_SWITCH_SPARSE_LEAVE (?UC_SWITCH_SPARSE)

    -------------------------------------------------------------------------
  LIBRARY MODULE, NAME : ?UC_JMP_IF_VALUE

  SEGMENTS IN THE MODULE
  ======================
RCODE
  Relative segment, address: CODE 0000061A - 0000062F (0x16 bytes), align: 0
  Segment part 0.
           ENTRY                   ADDRESS         REF BY
           =====                   =======         ======
           ?UC_JMP_IF_VALUE        0000061A        ?UC_SWITCH_SPARSE_LEAVE (?UC_SWITCH_SPARSE)

    -------------------------------------------------------------------------
  LIBRARY MODULE, NAME : ?memcmp

  SEGMENTS IN THE MODULE
  ======================
NEAR_CODE
  Relative segment, address: CODE 00002FCF - 00003027 (0x59 bytes), align: 0
  Segment part 6.
           ENTRY                   ADDRESS         REF BY
           =====                   =======         ======
           memcmp                  00002FCF        Segment part 285 (bsp_extended)
               XSTACK = 00000002 ( 00000008 )

    -------------------------------------------------------------------------
  LIBRARY MODULE, NAME : ?memcpy

  SEGMENTS IN THE MODULE
  ======================
NEAR_CODE
  Relative segment, address: CODE 00003028 - 0000306F (0x48 bytes), align: 0
  Segment part 6.
           ENTRY                   ADDRESS         REF BY
           =====                   =======         ======
           memcpy                  00003028        ?Subroutine37 (bsp_extended)
                                                   Segment part 274 (bsp_extended)
                                                   Segment part 293 (bsp_extended)
               XSTACK = 00000002 ( 00000009 )
               ISTACK = 00000000 ( 00000001 )

    -------------------------------------------------------------------------
  LIBRARY MODULE, NAME : ?memmove

  SEGMENTS IN THE MODULE
  ======================
NEAR_CODE
  Relative segment, address: CODE 00003070 - 000030FD (0x8e bytes), align: 0
  Segment part 6.
           ENTRY                   ADDRESS         REF BY
           =====                   =======         ======
           memmove                 00003070        MRFI_RfIsr (bsp_extended)
                                                   nwk_putNumObjectIntoMsg (bsp_extended)
                                                   smpl_send_link_reply (bsp_extended)
               XSTACK = 00000002 ( 00000009 )
               ISTACK = 00000000 ( 00000001 )
    -------------------------------------------------------------------------
NEAR_CODE
  Relative segment, address: CODE 000030FE - 0000310E (0x11 bytes), align: 0
  Segment part 7.             Intra module refs:   memmove

    -------------------------------------------------------------------------
  LIBRARY MODULE, NAME : ?memset

  SEGMENTS IN THE MODULE
  ======================
NEAR_CODE
  Relative segment, address: CODE 0000310F - 0000313D (0x2f bytes), align: 0
  Segment part 6.
           ENTRY                   ADDRESS         REF BY
           =====                   =======         ======
           memset                  0000310F        Segment part 199 (bsp_extended)
               XSTACK = 00000002 ( 00000008 )
               ISTACK = 00000000 ( 00000001 )

    -------------------------------------------------------------------------
  LIBRARY MODULE, NAME : ?low_level_init

  SEGMENTS IN THE MODULE
  ======================
CSTART
  Relative segment, address: CODE 000000E2 - 000000E4 (0x3 bytes), align: 0
  Segment part 6. ROOT.
           ENTRY                   ADDRESS         REF BY
           =====                   =======         ======
           __low_level_init        000000E2        __low_level_init_call (?cmain)




                ****************************************
                *                                      *
                *            MODULE SUMMARY            *
                *                                      *
                ****************************************

Module                     CODE      DATA      XDATA  IDATA    BIT
------                     ----      ----      -----  -----    ---
                          (Rel)  (Rel)  (Abs)  (Rel)  (Rel)  (Rel)
?ADD_XSTACK_DISP8            27
?ALLOC_XSTACK8               22
?CALL_IND                     2
?DEALLOC_XSTACK8             26
?FUNC_ENTER_XDATA            96
?FUNC_LEAVE_XDATA            56
?INTERRUPT_ENTER_SP          55
?INTERRUPT_ENTER_XSP         95
?INTERRUPT_LEAVE_SP          47
?INTERRUPT_LEAVE_XSP         80
?L_EQ_X                      21
?L_MOV_TO_X                  15
?L_MOV_X                     15
?MOVE_LONG8_XDATA_IDATA      13
?MOVE_LONG8_XDATA_XDATA      33
?PUSH_XSTACK8_X              45
?PUSH_XSTACK_I               17
?S_DIV_MOD                  154
?UC_JMP_IF_IN_RANGE          31
?UC_JMP_IF_VALUE             22
?UC_SWITCH_DENSE             54
?UC_SWITCH_SPARSE            42
?US_SHR                      15
?XSTACK_DISP8                10
?cexit                        5
?cmain                       72
?low_level_init               3
?memcmp                      89
?memcpy                      72
?memmove                    159
?memset                      47
CSTARTUP                     15
  + common                    3
VIRTUAL_REGISTERS                    2                           8
bsp_extended             11 017            44    851
  + common                  134
N/A (command line)                  16           256     64
N/A (alignment)
----------               ------     --     --  -----     --      -
Total:                   12 472     18     44  1 107     64      8
  + common                  134


                ****************************************
                *                                      *
                *      SEGMENTS IN ADDRESS ORDER       *
                *                                      *
                ****************************************


SEGMENT              SPACE    START ADDRESS   END ADDRESS     SIZE  TYPE  ALIGN
=======              =====    =============   ===========     ====  ====  =====
INTVEC               CODE          00000000 - 00000085          86   com    0
CSTART               CODE          00000086 - 000000E4          5F   rel    0
BIT_ID               CODE               000000E5                     dse    0
DATA_ID              CODE               000000E5                     dse    0
PDATA_ID             CODE               000000E5                     dse    0
IXDATA_ID            CODE               000000E5                     dse    0
BDATA_ID             CODE               000000E5                     dse    0
IDATA_ID             CODE               000000E5                     dse    0
XDATA_ID             CODE          000000E5 - 0000024E         16A   rel    0
RCODE                CODE          0000024F - 0000062F         3E1   rel    0
CODE_C               CODE               00000630                     dse    0
DIFUNCT              CODE               00000630                     dse    0
CODE_N               CODE               00000630                     dse    0
NEAR_CODE            CODE          00000630 - 0000313D        2B0E   rel    0
REGISTERS            DATA          00000000 - 00000007           8   rel    0
VREG                 DATA          00000008 - 0000000F           8   rel    0
PSP                  DATA               00000010                     dse    0
XSP                  DATA          00000010 - 00000011           2   rel    0
BREG                 BIT        00000020.0  -  00000020.7        8   rel    0
SFR_AN               DATA          00000086 - 00000087           2   rel    0
                     DATA          0000008A - 0000008A           1 
                     DATA          0000008D - 0000008D           1 
                     DATA          00000090 - 00000091           2 
                     DATA          0000009A - 0000009A           1 
                     DATA          0000009A - 0000009B           2 
                     DATA          000000A1 - 000000A5           5 
                     DATA          000000A8 - 000000A8           1 
                     DATA          000000B4 - 000000B4           1 
                     DATA          000000B6 - 000000B6           1 
                     DATA          000000BA - 000000BC           3 
                     DATA          000000BE - 000000BE           1 
                     DATA          000000C0 - 000000C2           3 
                     DATA          000000C4 - 000000C7           4 
                     DATA          000000CB - 000000CB           1 
                     DATA          000000CD - 000000CD           1 
                     DATA          000000D1 - 000000D1           1 
                     DATA          000000D4 - 000000D6           3 
                     DATA          000000D8 - 000000D8           1 
                     DATA          000000E1 - 000000E1           1 
                     DATA          000000E8 - 000000E9           2 
                     DATA          000000F1 - 000000F3           3 
                     DATA          000000F5 - 000000F5           1 
                     DATA          000000FE - 000000FF           2 
XSTACK               XDATA         0000F000 - 0000F0FF         100   rel    0
XDATA_Z              XDATA         0000F100 - 0000F2E8         1E9   rel    0
XDATA_I              XDATA         0000F2E9 - 0000F452         16A   rel    0
ISTACK               IDATA         000000C0 - 000000FF          40   rel    0

                ****************************************
                *                                      *
                *        END OF CROSS REFERENCE        *
                *                                      *
                ****************************************

 12 606 bytes of CODE  memory
     18 bytes of DATA  memory (+ 44 absolute )
  1 107 bytes of XDATA memory
     64 bytes of IDATA memory
      8 bits  of BIT   memory

Errors: none
Warnings: none

